Release 14.7 - xst P.20131013 (nt64)
Copyright (c) 1995-2013 Xilinx, Inc.  All rights reserved.
--> Parameter TMPDIR set to xst/projnav.tmp


Total REAL time to Xst completion: 0.00 secs
Total CPU time to Xst completion: 0.44 secs
 
--> Parameter xsthdpdir set to xst


Total REAL time to Xst completion: 0.00 secs
Total CPU time to Xst completion: 0.45 secs
 
--> Reading design: top.prj

TABLE OF CONTENTS
  1) Synthesis Options Summary
  2) HDL Parsing
  3) HDL Elaboration
  4) HDL Synthesis
       4.1) HDL Synthesis Report
  5) Advanced HDL Synthesis
       5.1) Advanced HDL Synthesis Report
  6) Low Level Synthesis
  7) Partition Report
  8) Design Summary
       8.1) Primitive and Black Box Usage
       8.2) Device utilization summary
       8.3) Partition Resource Summary
       8.4) Timing Report
            8.4.1) Clock Information
            8.4.2) Asynchronous Control Signals Information
            8.4.3) Timing Summary
            8.4.4) Timing Details
            8.4.5) Cross Clock Domains Report


=========================================================================
*                      Synthesis Options Summary                        *
=========================================================================
---- Source Parameters
Input File Name                    : "top.prj"
Ignore Synthesis Constraint File   : NO

---- Target Parameters
Output File Name                   : "top"
Output Format                      : NGC
Target Device                      : xc7k160t-2L-ffg676

---- Source Options
Top Module Name                    : top
Automatic FSM Extraction           : YES
FSM Encoding Algorithm             : Auto
Safe Implementation                : No
FSM Style                          : LUT
RAM Extraction                     : Yes
RAM Style                          : Auto
ROM Extraction                     : Yes
Shift Register Extraction          : YES
ROM Style                          : Auto
Resource Sharing                   : YES
Asynchronous To Synchronous        : NO
Shift Register Minimum Size        : 2
Use DSP Block                      : Auto
Automatic Register Balancing       : No

---- Target Options
LUT Combining                      : Auto
Reduce Control Sets                : Auto
Add IO Buffers                     : YES
Global Maximum Fanout              : 100000
Add Generic Clock Buffer(BUFG)     : 32
Register Duplication               : YES
Optimize Instantiated Primitives   : NO
Use Clock Enable                   : Auto
Use Synchronous Set                : Auto
Use Synchronous Reset              : Auto
Pack IO Registers into IOBs        : Auto
Equivalent register Removal        : YES

---- General Options
Optimization Goal                  : Speed
Optimization Effort                : 1
Power Reduction                    : NO
Keep Hierarchy                     : No
Netlist Hierarchy                  : As_Optimized
RTL Output                         : Yes
Global Optimization                : AllClockNets
Read Cores                         : YES
Write Timing Constraints           : NO
Cross Clock Analysis               : NO
Hierarchy Separator                : /
Bus Delimiter                      : <>
Case Specifier                     : Maintain
Slice Utilization Ratio            : 100
BRAM Utilization Ratio             : 100
DSP48 Utilization Ratio            : 100
Auto BRAM Packing                  : NO
Slice Utilization Ratio Delta      : 5

---- Other Options
Cores Search Directories           : {"ipcore_dir" "../OExp02-7SEG"  }

=========================================================================


=========================================================================
*                          HDL Parsing                                  *
=========================================================================
Analyzing Verilog file "C:\Users\Anna\Desktop\Comp Org\Labs\Org02_20200218\Org02_20200218\TANGANNAYONGQI3180300155_02\MC14495_ZJU.vf" into library work
Parsing module <MC14495_ZJU>.
Analyzing Verilog file "C:\Users\Anna\Desktop\Comp Org\Labs\Org02_20200218\Org02_20200218\TANGANNAYONGQI3180300155_02\Seg_map.v" into library work
Parsing module <Seg_map>.
Analyzing Verilog file "C:\Users\Anna\Desktop\Comp Org\Labs\Org02_20200218\Org02_20200218\TANGANNAYONGQI3180300155_02\Scansync.v" into library work
Parsing module <ScanSync>.
Analyzing Verilog file "C:\Users\Anna\Desktop\Comp Org\Labs\Org02_20200218\Org02_20200218\TANGANNAYONGQI3180300155_02\MUX8T1_32.v" into library work
Parsing module <MUX8T1_32>.
Analyzing Verilog file "C:\Users\Anna\Desktop\Comp Org\Labs\Org02_20200218\Org02_20200218\TANGANNAYONGQI3180300155_02\MUX2T1_8.v" into library work
Parsing module <MUX2T1_8>.
Analyzing Verilog file "C:\Users\Anna\Desktop\Comp Org\Labs\Org02_20200218\Org02_20200218\TANGANNAYONGQI3180300155_02\MUX2T1_64.v" into library work
Parsing module <MUX2T1_64>.
Analyzing Verilog file "C:\Users\Anna\Desktop\Comp Org\Labs\Org02_20200218\Org02_20200218\TANGANNAYONGQI3180300155_02\LED_P2S_IO.v" into library work
Parsing module <LED_P2S>.
Analyzing Verilog file "C:\Users\Anna\Desktop\Comp Org\Labs\Org02_20200218\Org02_20200218\OExp02-7SEG\SSeg_map_io.v" into library work
Parsing module <SSeg_map>.
Analyzing Verilog file "C:\Users\Anna\Desktop\Comp Org\Labs\Org02_20200218\Org02_20200218\OExp02-7SEG\P2S_IO.v" into library work
Parsing module <P2S>.
Analyzing Verilog file "C:\Users\Anna\Desktop\Comp Org\Labs\Org02_20200218\Org02_20200218\OExp02-7SEG\HexTo8SEG.v" into library work
Parsing module <HexTo8SEG>.
Parsing module <Hex2Seg>.
Analyzing Verilog file "C:\Users\Anna\Desktop\Comp Org\Labs\Org02_20200218\Org02_20200218\TANGANNAYONGQI3180300155_02\SPIO_IO.v" into library work
Parsing module <SPIO>.
Analyzing Verilog file "C:\Users\Anna\Desktop\Comp Org\Labs\Org02_20200218\Org02_20200218\TANGANNAYONGQI3180300155_02\SEnter_2_32_IO.v" into library work
Parsing module <SEnter_2_32>.
Analyzing Verilog file "C:\Users\Anna\Desktop\Comp Org\Labs\Org02_20200218\Org02_20200218\TANGANNAYONGQI3180300155_02\Seg7_Dev.vf" into library work
Parsing module <MC14495_ZJU_MUSER_Seg7_Dev>.
Parsing module <Seg7_Dev>.
Analyzing Verilog file "C:\Users\Anna\Desktop\Comp Org\Labs\Org02_20200218\Org02_20200218\TANGANNAYONGQI3180300155_02\SAnti_jitter_IO.v" into library work
Parsing module <SAnti_jitter>.
Analyzing Verilog file "C:\Users\Anna\Desktop\Comp Org\Labs\Org02_20200218\Org02_20200218\TANGANNAYONGQI3180300155_02\PIO_IO.v" into library work
Parsing module <PIO>.
Analyzing Verilog file "C:\Users\Anna\Desktop\Comp Org\Labs\Org02_20200218\Org02_20200218\TANGANNAYONGQI3180300155_02\Multi_8CH32_IO.v" into library work
Parsing module <Multi_8CH32>.
Analyzing Verilog file "C:\Users\Anna\Desktop\Comp Org\Labs\Org02_20200218\Org02_20200218\TANGANNAYONGQI3180300155_02\ipcore_dir\ROM_D.v" into library work
Parsing module <ROM_D>.
Analyzing Verilog file "C:\Users\Anna\Desktop\Comp Org\Labs\Org02_20200218\Org02_20200218\TANGANNAYONGQI3180300155_02\ipcore_dir\RAM_B.v" into library work
Parsing module <RAM_B>.
Analyzing Verilog file "C:\Users\Anna\Desktop\Comp Org\Labs\Org02_20200218\Org02_20200218\TANGANNAYONGQI3180300155_02\clk_div.v" into library work
Parsing module <clk_div>.
Analyzing Verilog file "C:\Users\Anna\Desktop\Comp Org\Labs\Org02_20200218\Org02_20200218\TANGANNAYONGQI3180300155_02\SSeg7_Dev.vf" into library work
Parsing module <SSeg7_Dev>.
Analyzing Verilog file "C:\Users\Anna\Desktop\Comp Org\Labs\Org02_20200218\Org02_20200218\TANGANNAYONGQI3180300155_02\top.vf" into library work
Parsing module <MC14495_ZJU_MUSER_top>.
Parsing module <Seg7_Dev_MUSER_top>.
Parsing module <top>.

=========================================================================
*                            HDL Elaboration                            *
=========================================================================

Elaborating module <top>.

Elaborating module <ROM_D>.
WARNING:HDLCompiler:1499 - "C:\Users\Anna\Desktop\Comp Org\Labs\Org02_20200218\Org02_20200218\TANGANNAYONGQI3180300155_02\ipcore_dir\ROM_D.v" Line 39: Empty module <ROM_D> remains a black box.

Elaborating module <RAM_B>.
WARNING:HDLCompiler:1499 - "C:\Users\Anna\Desktop\Comp Org\Labs\Org02_20200218\Org02_20200218\TANGANNAYONGQI3180300155_02\ipcore_dir\RAM_B.v" Line 39: Empty module <RAM_B> remains a black box.

Elaborating module <Multi_8CH32>.

Elaborating module <MUX8T1_32>.
WARNING:HDLCompiler:189 - "C:\Users\Anna\Desktop\Comp Org\Labs\Org02_20200218\Org02_20200218\TANGANNAYONGQI3180300155_02\Multi_8CH32_IO.v" Line 54: Size mismatch in connection of port <I0>. Formal port size is 32-bit while actual signal size is 8-bit.
WARNING:HDLCompiler:189 - "C:\Users\Anna\Desktop\Comp Org\Labs\Org02_20200218\Org02_20200218\TANGANNAYONGQI3180300155_02\Multi_8CH32_IO.v" Line 55: Size mismatch in connection of port <I1>. Formal port size is 32-bit while actual signal size is 8-bit.
WARNING:HDLCompiler:189 - "C:\Users\Anna\Desktop\Comp Org\Labs\Org02_20200218\Org02_20200218\TANGANNAYONGQI3180300155_02\Multi_8CH32_IO.v" Line 56: Size mismatch in connection of port <I2>. Formal port size is 32-bit while actual signal size is 8-bit.
WARNING:HDLCompiler:189 - "C:\Users\Anna\Desktop\Comp Org\Labs\Org02_20200218\Org02_20200218\TANGANNAYONGQI3180300155_02\Multi_8CH32_IO.v" Line 57: Size mismatch in connection of port <I3>. Formal port size is 32-bit while actual signal size is 8-bit.
WARNING:HDLCompiler:189 - "C:\Users\Anna\Desktop\Comp Org\Labs\Org02_20200218\Org02_20200218\TANGANNAYONGQI3180300155_02\Multi_8CH32_IO.v" Line 58: Size mismatch in connection of port <I4>. Formal port size is 32-bit while actual signal size is 8-bit.
WARNING:HDLCompiler:189 - "C:\Users\Anna\Desktop\Comp Org\Labs\Org02_20200218\Org02_20200218\TANGANNAYONGQI3180300155_02\Multi_8CH32_IO.v" Line 59: Size mismatch in connection of port <I5>. Formal port size is 32-bit while actual signal size is 8-bit.
WARNING:HDLCompiler:189 - "C:\Users\Anna\Desktop\Comp Org\Labs\Org02_20200218\Org02_20200218\TANGANNAYONGQI3180300155_02\Multi_8CH32_IO.v" Line 60: Size mismatch in connection of port <I6>. Formal port size is 32-bit while actual signal size is 8-bit.
WARNING:HDLCompiler:189 - "C:\Users\Anna\Desktop\Comp Org\Labs\Org02_20200218\Org02_20200218\TANGANNAYONGQI3180300155_02\Multi_8CH32_IO.v" Line 61: Size mismatch in connection of port <I7>. Formal port size is 32-bit while actual signal size is 8-bit.
WARNING:HDLCompiler:189 - "C:\Users\Anna\Desktop\Comp Org\Labs\Org02_20200218\Org02_20200218\TANGANNAYONGQI3180300155_02\Multi_8CH32_IO.v" Line 63: Size mismatch in connection of port <o>. Formal port size is 32-bit while actual signal size is 8-bit.
WARNING:HDLCompiler:189 - "C:\Users\Anna\Desktop\Comp Org\Labs\Org02_20200218\Org02_20200218\TANGANNAYONGQI3180300155_02\Multi_8CH32_IO.v" Line 66: Size mismatch in connection of port <I0>. Formal port size is 32-bit while actual signal size is 8-bit.
WARNING:HDLCompiler:189 - "C:\Users\Anna\Desktop\Comp Org\Labs\Org02_20200218\Org02_20200218\TANGANNAYONGQI3180300155_02\Multi_8CH32_IO.v" Line 67: Size mismatch in connection of port <I1>. Formal port size is 32-bit while actual signal size is 8-bit.
WARNING:HDLCompiler:189 - "C:\Users\Anna\Desktop\Comp Org\Labs\Org02_20200218\Org02_20200218\TANGANNAYONGQI3180300155_02\Multi_8CH32_IO.v" Line 68: Size mismatch in connection of port <I2>. Formal port size is 32-bit while actual signal size is 8-bit.
WARNING:HDLCompiler:189 - "C:\Users\Anna\Desktop\Comp Org\Labs\Org02_20200218\Org02_20200218\TANGANNAYONGQI3180300155_02\Multi_8CH32_IO.v" Line 69: Size mismatch in connection of port <I3>. Formal port size is 32-bit while actual signal size is 8-bit.
WARNING:HDLCompiler:189 - "C:\Users\Anna\Desktop\Comp Org\Labs\Org02_20200218\Org02_20200218\TANGANNAYONGQI3180300155_02\Multi_8CH32_IO.v" Line 70: Size mismatch in connection of port <I4>. Formal port size is 32-bit while actual signal size is 8-bit.
WARNING:HDLCompiler:189 - "C:\Users\Anna\Desktop\Comp Org\Labs\Org02_20200218\Org02_20200218\TANGANNAYONGQI3180300155_02\Multi_8CH32_IO.v" Line 71: Size mismatch in connection of port <I5>. Formal port size is 32-bit while actual signal size is 8-bit.
WARNING:HDLCompiler:189 - "C:\Users\Anna\Desktop\Comp Org\Labs\Org02_20200218\Org02_20200218\TANGANNAYONGQI3180300155_02\Multi_8CH32_IO.v" Line 72: Size mismatch in connection of port <I6>. Formal port size is 32-bit while actual signal size is 8-bit.
WARNING:HDLCompiler:189 - "C:\Users\Anna\Desktop\Comp Org\Labs\Org02_20200218\Org02_20200218\TANGANNAYONGQI3180300155_02\Multi_8CH32_IO.v" Line 73: Size mismatch in connection of port <I7>. Formal port size is 32-bit while actual signal size is 8-bit.
WARNING:HDLCompiler:189 - "C:\Users\Anna\Desktop\Comp Org\Labs\Org02_20200218\Org02_20200218\TANGANNAYONGQI3180300155_02\Multi_8CH32_IO.v" Line 75: Size mismatch in connection of port <o>. Formal port size is 32-bit while actual signal size is 8-bit.

Elaborating module <SSeg7_Dev>.

Elaborating module <MUX2T1_64>.

Elaborating module <P2S>.
WARNING:HDLCompiler:1499 - "C:\Users\Anna\Desktop\Comp Org\Labs\Org02_20200218\Org02_20200218\OExp02-7SEG\P2S_IO.v" Line 21: Empty module <P2S> remains a black box.

Elaborating module <HexTo8SEG>.

Elaborating module <Hex2Seg>.

Elaborating module <MC14495_ZJU>.

Elaborating module <INV>.

Elaborating module <AND4>.

Elaborating module <OR4>.

Elaborating module <AND3>.

Elaborating module <OR3>.

Elaborating module <AND2>.

Elaborating module <OR2>.

Elaborating module <SSeg_map>.

Elaborating module <Seg7_Dev_MUSER_top>.

Elaborating module <MC14495_ZJU_MUSER_top>.

Elaborating module <MUX2T1_8>.

Elaborating module <ScanSync>.

Elaborating module <Seg_map>.

Elaborating module <SPIO>.

Elaborating module <LED_P2S>.
WARNING:HDLCompiler:1499 - "C:\Users\Anna\Desktop\Comp Org\Labs\Org02_20200218\Org02_20200218\TANGANNAYONGQI3180300155_02\LED_P2S_IO.v" Line 21: Empty module <LED_P2S> remains a black box.

Elaborating module <clk_div>.
WARNING:HDLCompiler:1127 - "C:\Users\Anna\Desktop\Comp Org\Labs\Org02_20200218\Org02_20200218\TANGANNAYONGQI3180300155_02\top.vf" Line 439: Assignment to Clk_CPU ignored, since the identifier is never used

Elaborating module <SAnti_jitter>.
WARNING:HDLCompiler:1499 - "C:\Users\Anna\Desktop\Comp Org\Labs\Org02_20200218\Org02_20200218\TANGANNAYONGQI3180300155_02\SAnti_jitter_IO.v" Line 21: Empty module <SAnti_jitter> remains a black box.
WARNING:HDLCompiler:1127 - "C:\Users\Anna\Desktop\Comp Org\Labs\Org02_20200218\Org02_20200218\TANGANNAYONGQI3180300155_02\top.vf" Line 450: Assignment to Pulse ignored, since the identifier is never used

Elaborating module <SEnter_2_32>.
WARNING:HDLCompiler:1499 - "C:\Users\Anna\Desktop\Comp Org\Labs\Org02_20200218\Org02_20200218\TANGANNAYONGQI3180300155_02\SEnter_2_32_IO.v" Line 21: Empty module <SEnter_2_32> remains a black box.

Elaborating module <PIO>.
WARNING:HDLCompiler:1127 - "C:\Users\Anna\Desktop\Comp Org\Labs\Org02_20200218\Org02_20200218\TANGANNAYONGQI3180300155_02\top.vf" Line 466: Assignment to XLXN_580 ignored, since the identifier is never used
WARNING:HDLCompiler:1127 - "C:\Users\Anna\Desktop\Comp Org\Labs\Org02_20200218\Org02_20200218\TANGANNAYONGQI3180300155_02\top.vf" Line 467: Assignment to XLXN_582 ignored, since the identifier is never used

Elaborating module <VCC>.

Elaborating module <GND>.

Elaborating module <BUF>.
WARNING:HDLCompiler:634 - "C:\Users\Anna\Desktop\Comp Org\Labs\Org02_20200218\Org02_20200218\TANGANNAYONGQI3180300155_02\top.vf" Line 346: Net <Ai[31]> does not have a driver.
WARNING:HDLCompiler:634 - "C:\Users\Anna\Desktop\Comp Org\Labs\Org02_20200218\Org02_20200218\TANGANNAYONGQI3180300155_02\top.vf" Line 358: Net <rst> does not have a driver.
WARNING:HDLCompiler:634 - "C:\Users\Anna\Desktop\Comp Org\Labs\Org02_20200218\Org02_20200218\TANGANNAYONGQI3180300155_02\top.vf" Line 363: Net <XLXN_25[31]> does not have a driver.
WARNING:HDLCompiler:634 - "C:\Users\Anna\Desktop\Comp Org\Labs\Org02_20200218\Org02_20200218\TANGANNAYONGQI3180300155_02\top.vf" Line 364: Net <XLXN_26[31]> does not have a driver.
WARNING:HDLCompiler:634 - "C:\Users\Anna\Desktop\Comp Org\Labs\Org02_20200218\Org02_20200218\TANGANNAYONGQI3180300155_02\top.vf" Line 365: Net <XLXN_27[31]> does not have a driver.

=========================================================================
*                           HDL Synthesis                               *
=========================================================================

Synthesizing Unit <top>.
    Related source file is "C:\Users\Anna\Desktop\Comp Org\Labs\Org02_20200218\Org02_20200218\TANGANNAYONGQI3180300155_02\top.vf".
INFO:Xst:3210 - "C:\Users\Anna\Desktop\Comp Org\Labs\Org02_20200218\Org02_20200218\TANGANNAYONGQI3180300155_02\top.vf" line 423: Output port <counter_set> of the instance <U7> is unconnected or connected to loadless signal.
INFO:Xst:3210 - "C:\Users\Anna\Desktop\Comp Org\Labs\Org02_20200218\Org02_20200218\TANGANNAYONGQI3180300155_02\top.vf" line 423: Output port <LED_out> of the instance <U7> is unconnected or connected to loadless signal.
INFO:Xst:3210 - "C:\Users\Anna\Desktop\Comp Org\Labs\Org02_20200218\Org02_20200218\TANGANNAYONGQI3180300155_02\top.vf" line 423: Output port <GPIOf0> of the instance <U7> is unconnected or connected to loadless signal.
INFO:Xst:3210 - "C:\Users\Anna\Desktop\Comp Org\Labs\Org02_20200218\Org02_20200218\TANGANNAYONGQI3180300155_02\top.vf" line 435: Output port <Clk_CPU> of the instance <U8> is unconnected or connected to loadless signal.
INFO:Xst:3210 - "C:\Users\Anna\Desktop\Comp Org\Labs\Org02_20200218\Org02_20200218\TANGANNAYONGQI3180300155_02\top.vf" line 440: Output port <pulse_out> of the instance <U9> is unconnected or connected to loadless signal.
INFO:Xst:3210 - "C:\Users\Anna\Desktop\Comp Org\Labs\Org02_20200218\Org02_20200218\TANGANNAYONGQI3180300155_02\top.vf" line 462: Output port <counter_set> of the instance <U71> is unconnected or connected to loadless signal.
INFO:Xst:3210 - "C:\Users\Anna\Desktop\Comp Org\Labs\Org02_20200218\Org02_20200218\TANGANNAYONGQI3180300155_02\top.vf" line 462: Output port <GPIOf0> of the instance <U71> is unconnected or connected to loadless signal.
WARNING:Xst:653 - Signal <Ai> is used but never assigned. This sourceless signal will be automatically connected to value GND.
WARNING:Xst:653 - Signal <XLXN_25> is used but never assigned. This sourceless signal will be automatically connected to value GND.
WARNING:Xst:653 - Signal <XLXN_26> is used but never assigned. This sourceless signal will be automatically connected to value GND.
WARNING:Xst:653 - Signal <XLXN_27> is used but never assigned. This sourceless signal will be automatically connected to value GND.
WARNING:Xst:653 - Signal <rst> is used but never assigned. This sourceless signal will be automatically connected to value GND.
    Summary:
	no macro.
Unit <top> synthesized.

Synthesizing Unit <Multi_8CH32>.
    Related source file is "C:\Users\Anna\Desktop\Comp Org\Labs\Org02_20200218\Org02_20200218\TANGANNAYONGQI3180300155_02\Multi_8CH32_IO.v".
WARNING:Xst:647 - Input <rst> is never used. This port will be preserved and left unconnected if it belongs to a top-level block or it belongs to a sub-block and the hierarchy of this sub-block is preserved.
    Found 8-bit register for signal <cpu_blink>.
    Found 8-bit register for signal <cpu_point>.
    Found 32-bit register for signal <disp_data>.
    Summary:
	inferred  48 D-type flip-flop(s).
Unit <Multi_8CH32> synthesized.

Synthesizing Unit <MUX8T1_32>.
    Related source file is "C:\Users\Anna\Desktop\Comp Org\Labs\Org02_20200218\Org02_20200218\TANGANNAYONGQI3180300155_02\MUX8T1_32.v".
    Found 32-bit 8-to-1 multiplexer for signal <o> created at line 35.
    Summary:
	inferred   1 Multiplexer(s).
Unit <MUX8T1_32> synthesized.

Synthesizing Unit <SSeg7_Dev>.
    Related source file is "C:\Users\Anna\Desktop\Comp Org\Labs\Org02_20200218\Org02_20200218\TANGANNAYONGQI3180300155_02\SSeg7_Dev.vf".
    Summary:
	no macro.
Unit <SSeg7_Dev> synthesized.

Synthesizing Unit <MUX2T1_64>.
    Related source file is "C:\Users\Anna\Desktop\Comp Org\Labs\Org02_20200218\Org02_20200218\TANGANNAYONGQI3180300155_02\MUX2T1_64.v".
    Summary:
	inferred   1 Multiplexer(s).
Unit <MUX2T1_64> synthesized.

Synthesizing Unit <HexTo8SEG>.
    Related source file is "C:\Users\Anna\Desktop\Comp Org\Labs\Org02_20200218\Org02_20200218\OExp02-7SEG\HexTo8SEG.v".
    Summary:
	no macro.
Unit <HexTo8SEG> synthesized.

Synthesizing Unit <Hex2Seg>.
    Related source file is "C:\Users\Anna\Desktop\Comp Org\Labs\Org02_20200218\Org02_20200218\OExp02-7SEG\HexTo8SEG.v".
    Summary:
	no macro.
Unit <Hex2Seg> synthesized.

Synthesizing Unit <MC14495_ZJU>.
    Related source file is "C:\Users\Anna\Desktop\Comp Org\Labs\Org02_20200218\Org02_20200218\TANGANNAYONGQI3180300155_02\MC14495_ZJU.vf".
    Summary:
	no macro.
Unit <MC14495_ZJU> synthesized.

Synthesizing Unit <SSeg_map>.
    Related source file is "C:\Users\Anna\Desktop\Comp Org\Labs\Org02_20200218\Org02_20200218\OExp02-7SEG\SSeg_map_io.v".
WARNING:Xst:647 - Input <Disp_num<63:32>> is never used. This port will be preserved and left unconnected if it belongs to a top-level block or it belongs to a sub-block and the hierarchy of this sub-block is preserved.
    Summary:
	no macro.
Unit <SSeg_map> synthesized.

Synthesizing Unit <Seg7_Dev_MUSER_top>.
    Related source file is "C:\Users\Anna\Desktop\Comp Org\Labs\Org02_20200218\Org02_20200218\TANGANNAYONGQI3180300155_02\top.vf".
    Summary:
	no macro.
Unit <Seg7_Dev_MUSER_top> synthesized.

Synthesizing Unit <MC14495_ZJU_MUSER_top>.
    Related source file is "C:\Users\Anna\Desktop\Comp Org\Labs\Org02_20200218\Org02_20200218\TANGANNAYONGQI3180300155_02\top.vf".
    Summary:
	no macro.
Unit <MC14495_ZJU_MUSER_top> synthesized.

Synthesizing Unit <MUX2T1_8>.
    Related source file is "C:\Users\Anna\Desktop\Comp Org\Labs\Org02_20200218\Org02_20200218\TANGANNAYONGQI3180300155_02\MUX2T1_8.v".
    Summary:
	inferred   1 Multiplexer(s).
Unit <MUX2T1_8> synthesized.

Synthesizing Unit <ScanSync>.
    Related source file is "C:\Users\Anna\Desktop\Comp Org\Labs\Org02_20200218\Org02_20200218\TANGANNAYONGQI3180300155_02\Scansync.v".
WARNING:Xst:647 - Input <Hexs<31:16>> is never used. This port will be preserved and left unconnected if it belongs to a top-level block or it belongs to a sub-block and the hierarchy of this sub-block is preserved.
WARNING:Xst:647 - Input <point<7:4>> is never used. This port will be preserved and left unconnected if it belongs to a top-level block or it belongs to a sub-block and the hierarchy of this sub-block is preserved.
WARNING:Xst:647 - Input <LES<7:4>> is never used. This port will be preserved and left unconnected if it belongs to a top-level block or it belongs to a sub-block and the hierarchy of this sub-block is preserved.
    Found 8x4-bit Read Only RAM for signal <AN>
    Found 1-bit 4-to-1 multiplexer for signal <p> created at line 30.
    Found 1-bit 4-to-1 multiplexer for signal <LE> created at line 30.
    Summary:
	inferred   1 RAM(s).
	inferred   9 Multiplexer(s).
Unit <ScanSync> synthesized.

Synthesizing Unit <Seg_map>.
    Related source file is "C:\Users\Anna\Desktop\Comp Org\Labs\Org02_20200218\Org02_20200218\TANGANNAYONGQI3180300155_02\Seg_map.v".
WARNING:Xst:647 - Input <Hexs<3:1>> is never used. This port will be preserved and left unconnected if it belongs to a top-level block or it belongs to a sub-block and the hierarchy of this sub-block is preserved.
WARNING:Xst:647 - Input <Hexs<11:6>> is never used. This port will be preserved and left unconnected if it belongs to a top-level block or it belongs to a sub-block and the hierarchy of this sub-block is preserved.
WARNING:Xst:647 - Input <Hexs<15:13>> is never used. This port will be preserved and left unconnected if it belongs to a top-level block or it belongs to a sub-block and the hierarchy of this sub-block is preserved.
WARNING:Xst:647 - Input <Hexs<23:18>> is never used. This port will be preserved and left unconnected if it belongs to a top-level block or it belongs to a sub-block and the hierarchy of this sub-block is preserved.
WARNING:Xst:647 - Input <Hexs<31:26>> is never used. This port will be preserved and left unconnected if it belongs to a top-level block or it belongs to a sub-block and the hierarchy of this sub-block is preserved.
WARNING:Xst:737 - Found 1-bit latch for signal <Seg_map<6>>. Latches may be generated from incomplete case or if statements. We do not recommend the use of latches in FPGA/CPLD designs, as they may lead to timing problems.
WARNING:Xst:737 - Found 1-bit latch for signal <Seg_map<5>>. Latches may be generated from incomplete case or if statements. We do not recommend the use of latches in FPGA/CPLD designs, as they may lead to timing problems.
WARNING:Xst:737 - Found 1-bit latch for signal <Seg_map<4>>. Latches may be generated from incomplete case or if statements. We do not recommend the use of latches in FPGA/CPLD designs, as they may lead to timing problems.
WARNING:Xst:737 - Found 1-bit latch for signal <Seg_map<3>>. Latches may be generated from incomplete case or if statements. We do not recommend the use of latches in FPGA/CPLD designs, as they may lead to timing problems.
WARNING:Xst:737 - Found 1-bit latch for signal <Seg_map<2>>. Latches may be generated from incomplete case or if statements. We do not recommend the use of latches in FPGA/CPLD designs, as they may lead to timing problems.
WARNING:Xst:737 - Found 1-bit latch for signal <Seg_map<1>>. Latches may be generated from incomplete case or if statements. We do not recommend the use of latches in FPGA/CPLD designs, as they may lead to timing problems.
WARNING:Xst:737 - Found 1-bit latch for signal <Seg_map<0>>. Latches may be generated from incomplete case or if statements. We do not recommend the use of latches in FPGA/CPLD designs, as they may lead to timing problems.
WARNING:Xst:737 - Found 1-bit latch for signal <Seg_map<7>>. Latches may be generated from incomplete case or if statements. We do not recommend the use of latches in FPGA/CPLD designs, as they may lead to timing problems.
    Summary:
	inferred   8 Latch(s).
Unit <Seg_map> synthesized.

Synthesizing Unit <SPIO>.
    Related source file is "C:\Users\Anna\Desktop\Comp Org\Labs\Org02_20200218\Org02_20200218\TANGANNAYONGQI3180300155_02\SPIO_IO.v".
    Found 2-bit register for signal <counter_set>.
    Found 14-bit register for signal <GPIOf0>.
    Found 16-bit register for signal <LED>.
    Summary:
	inferred  32 D-type flip-flop(s).
Unit <SPIO> synthesized.

Synthesizing Unit <clk_div>.
    Related source file is "C:\Users\Anna\Desktop\Comp Org\Labs\Org02_20200218\Org02_20200218\TANGANNAYONGQI3180300155_02\clk_div.v".
    Found 32-bit register for signal <clkdiv>.
    Found 32-bit adder for signal <clkdiv[31]_GND_36_o_add_0_OUT> created at line 32.
    Summary:
	inferred   1 Adder/Subtractor(s).
	inferred  32 D-type flip-flop(s).
	inferred   1 Multiplexer(s).
Unit <clk_div> synthesized.

Synthesizing Unit <PIO>.
    Related source file is "C:\Users\Anna\Desktop\Comp Org\Labs\Org02_20200218\Org02_20200218\TANGANNAYONGQI3180300155_02\PIO_IO.v".
    Found 2-bit register for signal <counter_set>.
    Found 8-bit register for signal <LED>.
    Found 22-bit register for signal <GPIOf0>.
    Summary:
	inferred  30 D-type flip-flop(s).
Unit <PIO> synthesized.

=========================================================================
HDL Synthesis Report

Macro Statistics
# RAMs                                                 : 1
 8x4-bit single-port Read Only RAM                     : 1
# Adders/Subtractors                                   : 1
 32-bit adder                                          : 1
# Registers                                            : 9
 14-bit register                                       : 1
 16-bit register                                       : 1
 2-bit register                                        : 1
 22-bit register                                       : 1
 32-bit register                                       : 2
 8-bit register                                        : 3
# Latches                                              : 8
 1-bit latch                                           : 8
# Multiplexers                                         : 15
 1-bit 2-to-1 multiplexer                              : 1
 1-bit 4-to-1 multiplexer                              : 2
 32-bit 8-to-1 multiplexer                             : 3
 4-bit 2-to-1 multiplexer                              : 7
 64-bit 2-to-1 multiplexer                             : 1
 8-bit 2-to-1 multiplexer                              : 1

=========================================================================

=========================================================================
*                       Advanced HDL Synthesis                          *
=========================================================================

Reading core <SAnti_jitter.ngc>.
Reading core <SEnter_2_32.ngc>.
Reading core <ipcore_dir/RAM_B.ngc>.
Reading core <ipcore_dir/ROM_D.ngc>.
Reading core <P2S.ngc>.
Reading core <LED_P2S.ngc>.
Loading core <SAnti_jitter> for timing and area information for instance <U9>.
Loading core <SEnter_2_32> for timing and area information for instance <U10>.
Loading core <RAM_B> for timing and area information for instance <U3>.
Loading core <ROM_D> for timing and area information for instance <U2>.
Loading core <P2S> for timing and area information for instance <M2>.
Loading core <LED_P2S> for timing and area information for instance <LED_P2S>.
INFO:Xst:2261 - The FF/Latch <LED_1> in Unit <U71> is equivalent to the following 2 FFs/Latches, which will be removed : <LED_3> <LED_5> 
INFO:Xst:2261 - The FF/Latch <LED_0> in Unit <U71> is equivalent to the following 4 FFs/Latches, which will be removed : <LED_2> <LED_4> <LED_6> <LED_7> 
WARNING:Xst:1710 - FF/Latch <LED_0> (without init value) has a constant value of 0 in block <U71>. This FF/Latch will be trimmed during the optimization process.

Synthesizing (advanced) Unit <ScanSync>.
INFO:Xst:3218 - HDL ADVISOR - The RAM <Mram_AN> will be implemented on LUTs either because you have described an asynchronous read or because of currently unsupported block RAM features. If you have described an asynchronous read, making it synchronous would allow you to take advantage of available block RAM resources, for optimized device usage and improved timings. Please refer to your documentation for coding guidelines.
    -----------------------------------------------------------------------
    | ram_type           | Distributed                         |          |
    -----------------------------------------------------------------------
    | Port A                                                              |
    |     aspect ratio   | 8-word x 4-bit                      |          |
    |     weA            | connected to signal <GND>           | high     |
    |     addrA          | connected to signal <Scan>          |          |
    |     diA            | connected to signal <GND>           |          |
    |     doA            | connected to signal <AN>            |          |
    -----------------------------------------------------------------------
Unit <ScanSync> synthesized (advanced).

Synthesizing (advanced) Unit <clk_div>.
The following registers are absorbed into counter <clkdiv>: 1 register on signal <clkdiv>.
Unit <clk_div> synthesized (advanced).

=========================================================================
Advanced HDL Synthesis Report

Macro Statistics
# RAMs                                                 : 1
 8x4-bit single-port distributed Read Only RAM         : 1
# Counters                                             : 1
 32-bit up counter                                     : 1
# Registers                                            : 110
 Flip-Flops                                            : 110
# Multiplexers                                         : 14
 1-bit 4-to-1 multiplexer                              : 2
 32-bit 8-to-1 multiplexer                             : 3
 4-bit 2-to-1 multiplexer                              : 7
 64-bit 2-to-1 multiplexer                             : 1
 8-bit 2-to-1 multiplexer                              : 1

=========================================================================

=========================================================================
*                         Low Level Synthesis                           *
=========================================================================
WARNING:Xst:1710 - FF/Latch <LED_7> (without init value) has a constant value of 0 in block <PIO>. This FF/Latch will be trimmed during the optimization process.
WARNING:Xst:1895 - Due to other FF/Latch trimming, FF/Latch <LED_6> (without init value) has a constant value of 0 in block <PIO>. This FF/Latch will be trimmed during the optimization process.
WARNING:Xst:1895 - Due to other FF/Latch trimming, FF/Latch <LED_4> (without init value) has a constant value of 0 in block <PIO>. This FF/Latch will be trimmed during the optimization process.
WARNING:Xst:1895 - Due to other FF/Latch trimming, FF/Latch <LED_2> (without init value) has a constant value of 0 in block <PIO>. This FF/Latch will be trimmed during the optimization process.
WARNING:Xst:1895 - Due to other FF/Latch trimming, FF/Latch <LED_0> (without init value) has a constant value of 0 in block <PIO>. This FF/Latch will be trimmed during the optimization process.
WARNING:Xst:1895 - Due to other FF/Latch trimming, FF/Latch <GPIOf0_21> (without init value) has a constant value of 0 in block <PIO>. This FF/Latch will be trimmed during the optimization process.
WARNING:Xst:1895 - Due to other FF/Latch trimming, FF/Latch <GPIOf0_20> (without init value) has a constant value of 0 in block <PIO>. This FF/Latch will be trimmed during the optimization process.
WARNING:Xst:1895 - Due to other FF/Latch trimming, FF/Latch <GPIOf0_19> (without init value) has a constant value of 0 in block <PIO>. This FF/Latch will be trimmed during the optimization process.
WARNING:Xst:1895 - Due to other FF/Latch trimming, FF/Latch <GPIOf0_18> (without init value) has a constant value of 0 in block <PIO>. This FF/Latch will be trimmed during the optimization process.
WARNING:Xst:1895 - Due to other FF/Latch trimming, FF/Latch <GPIOf0_17> (without init value) has a constant value of 0 in block <PIO>. This FF/Latch will be trimmed during the optimization process.
WARNING:Xst:1895 - Due to other FF/Latch trimming, FF/Latch <GPIOf0_16> (without init value) has a constant value of 0 in block <PIO>. This FF/Latch will be trimmed during the optimization process.
WARNING:Xst:1895 - Due to other FF/Latch trimming, FF/Latch <GPIOf0_15> (without init value) has a constant value of 0 in block <PIO>. This FF/Latch will be trimmed during the optimization process.
WARNING:Xst:1895 - Due to other FF/Latch trimming, FF/Latch <GPIOf0_14> (without init value) has a constant value of 0 in block <PIO>. This FF/Latch will be trimmed during the optimization process.
WARNING:Xst:1895 - Due to other FF/Latch trimming, FF/Latch <GPIOf0_13> (without init value) has a constant value of 0 in block <PIO>. This FF/Latch will be trimmed during the optimization process.
WARNING:Xst:1895 - Due to other FF/Latch trimming, FF/Latch <GPIOf0_12> (without init value) has a constant value of 0 in block <PIO>. This FF/Latch will be trimmed during the optimization process.
WARNING:Xst:1895 - Due to other FF/Latch trimming, FF/Latch <GPIOf0_11> (without init value) has a constant value of 0 in block <PIO>. This FF/Latch will be trimmed during the optimization process.
WARNING:Xst:1895 - Due to other FF/Latch trimming, FF/Latch <GPIOf0_10> (without init value) has a constant value of 0 in block <PIO>. This FF/Latch will be trimmed during the optimization process.
WARNING:Xst:1895 - Due to other FF/Latch trimming, FF/Latch <GPIOf0_9> (without init value) has a constant value of 0 in block <PIO>. This FF/Latch will be trimmed during the optimization process.
WARNING:Xst:1895 - Due to other FF/Latch trimming, FF/Latch <GPIOf0_8> (without init value) has a constant value of 0 in block <PIO>. This FF/Latch will be trimmed during the optimization process.
WARNING:Xst:1895 - Due to other FF/Latch trimming, FF/Latch <GPIOf0_7> (without init value) has a constant value of 0 in block <PIO>. This FF/Latch will be trimmed during the optimization process.
WARNING:Xst:1895 - Due to other FF/Latch trimming, FF/Latch <GPIOf0_6> (without init value) has a constant value of 0 in block <PIO>. This FF/Latch will be trimmed during the optimization process.
WARNING:Xst:1895 - Due to other FF/Latch trimming, FF/Latch <GPIOf0_5> (without init value) has a constant value of 0 in block <PIO>. This FF/Latch will be trimmed during the optimization process.
WARNING:Xst:1895 - Due to other FF/Latch trimming, FF/Latch <GPIOf0_4> (without init value) has a constant value of 0 in block <PIO>. This FF/Latch will be trimmed during the optimization process.
WARNING:Xst:1895 - Due to other FF/Latch trimming, FF/Latch <GPIOf0_3> (without init value) has a constant value of 0 in block <PIO>. This FF/Latch will be trimmed during the optimization process.
WARNING:Xst:1895 - Due to other FF/Latch trimming, FF/Latch <GPIOf0_2> (without init value) has a constant value of 0 in block <PIO>. This FF/Latch will be trimmed during the optimization process.
WARNING:Xst:1895 - Due to other FF/Latch trimming, FF/Latch <GPIOf0_1> (without init value) has a constant value of 0 in block <PIO>. This FF/Latch will be trimmed during the optimization process.
WARNING:Xst:1895 - Due to other FF/Latch trimming, FF/Latch <GPIOf0_0> (without init value) has a constant value of 0 in block <PIO>. This FF/Latch will be trimmed during the optimization process.
INFO:Xst:2261 - The FF/Latch <LED_1> in Unit <PIO> is equivalent to the following 2 FFs/Latches, which will be removed : <LED_3> <LED_5> 
INFO:Xst:2261 - The FF/Latch <counter_set_0> in Unit <SPIO> is equivalent to the following FF/Latch, which will be removed : <counter_set_1> 
WARNING:Xst:1710 - FF/Latch <U71/LED_1> (without init value) has a constant value of 0 in block <top>. This FF/Latch will be trimmed during the optimization process.

Optimizing unit <MC14495_ZJU> ...

Optimizing unit <MC14495_ZJU_MUSER_top> ...

Optimizing unit <top> ...

Optimizing unit <Multi_8CH32> ...

Optimizing unit <HexTo8SEG> ...

Optimizing unit <SPIO> ...

Optimizing unit <Seg_map> ...
WARNING:Xst:2677 - Node <U7/GPIOf0_13> of sequential type is unconnected in block <top>.
WARNING:Xst:2677 - Node <U7/GPIOf0_12> of sequential type is unconnected in block <top>.
WARNING:Xst:2677 - Node <U7/GPIOf0_11> of sequential type is unconnected in block <top>.
WARNING:Xst:2677 - Node <U7/GPIOf0_10> of sequential type is unconnected in block <top>.
WARNING:Xst:2677 - Node <U7/GPIOf0_9> of sequential type is unconnected in block <top>.
WARNING:Xst:2677 - Node <U7/GPIOf0_8> of sequential type is unconnected in block <top>.
WARNING:Xst:2677 - Node <U7/GPIOf0_7> of sequential type is unconnected in block <top>.
WARNING:Xst:2677 - Node <U7/GPIOf0_6> of sequential type is unconnected in block <top>.
WARNING:Xst:2677 - Node <U7/GPIOf0_5> of sequential type is unconnected in block <top>.
WARNING:Xst:2677 - Node <U7/GPIOf0_4> of sequential type is unconnected in block <top>.
WARNING:Xst:2677 - Node <U7/GPIOf0_3> of sequential type is unconnected in block <top>.
WARNING:Xst:2677 - Node <U7/GPIOf0_2> of sequential type is unconnected in block <top>.
WARNING:Xst:2677 - Node <U7/GPIOf0_1> of sequential type is unconnected in block <top>.
WARNING:Xst:2677 - Node <U7/GPIOf0_0> of sequential type is unconnected in block <top>.
WARNING:Xst:2677 - Node <U7/counter_set_0> of sequential type is unconnected in block <top>.

Mapping all equations...
Building and optimizing final netlist ...
Found area constraint ratio of 100 (+ 5) on block top, actual ratio is 0.

Final Macro Processing ...

=========================================================================
Final Register Report

Macro Statistics
# Registers                                            : 96
 Flip-Flops                                            : 96

=========================================================================

=========================================================================
*                           Partition Report                            *
=========================================================================

Partition Implementation Status
-------------------------------

  No Partitions were found in this design.

-------------------------------

=========================================================================
*                            Design Summary                             *
=========================================================================

Top Level Output File Name         : top.ngc

Primitive and Black Box Usage:
------------------------------
# BELS                             : 1455
#      AND2                        : 10
#      AND3                        : 99
#      AND4                        : 81
#      BUF                         : 1
#      GND                         : 3
#      INV                         : 76
#      LUT1                        : 97
#      LUT2                        : 29
#      LUT3                        : 220
#      LUT4                        : 67
#      LUT5                        : 163
#      LUT6                        : 250
#      MUXCY                       : 121
#      MUXF7                       : 6
#      OR2                         : 63
#      OR3                         : 27
#      OR4                         : 36
#      VCC                         : 5
#      XORCY                       : 101
# FlipFlops/Latches                : 403
#      FD                          : 205
#      FDC                         : 46
#      FDCE                        : 4
#      FDE                         : 95
#      FDE_1                       : 16
#      FDRE                        : 29
#      LD                          : 8
# RAMS                             : 1
#      RAMB36E1                    : 1
# Clock Buffers                    : 2
#      BUFG                        : 1
#      BUFGP                       : 1
# IO Buffers                       : 58
#      IBUF                        : 21
#      OBUF                        : 37

Device utilization summary:
---------------------------

Selected Device : 7k160tffg676-2l 


Slice Logic Utilization: 
 Number of Slice Registers:             403  out of  202800     0%  
 Number of Slice LUTs:                  902  out of  101400     0%  
    Number used as Logic:               902  out of  101400     0%  

Slice Logic Distribution: 
 Number of LUT Flip Flop pairs used:    974
   Number with an unused Flip Flop:     571  out of    974    58%  
   Number with an unused LUT:            72  out of    974     7%  
   Number of fully used LUT-FF pairs:   331  out of    974    33%  
   Number of unique control sets:        19

IO Utilization: 
 Number of IOs:                          59
 Number of bonded IOBs:                  59  out of    400    14%  

Specific Feature Utilization:
 Number of Block RAM/FIFO:                1  out of    325     0%  
    Number using Block RAM only:          1
 Number of BUFG/BUFGCTRLs:                2  out of     32     6%  

---------------------------
Partition Resource Summary:
---------------------------

  No Partitions were found in this design.

---------------------------


=========================================================================
Timing Report

NOTE: THESE TIMING NUMBERS ARE ONLY A SYNTHESIS ESTIMATE.
      FOR ACCURATE TIMING INFORMATION PLEASE REFER TO THE TRACE REPORT
      GENERATED AFTER PLACE-and-ROUTE.

Clock Information:
------------------
-----------------------------------+--------------------------+-------+
Clock Signal                       | Clock buffer(FF name)    | Load  |
-----------------------------------+--------------------------+-------+
clk_100mhz                         | BUFGP                    | 352   |
U6I/M3/_n0022(U6I/M3/_n0022<2>1:O) | NONE(*)(U6I/M3/Seg_map_0)| 8     |
U9/clk1                            | BUFG                     | 41    |
U10/push(U10/push1:O)              | NONE(*)(U10/state_0)     | 3     |
-----------------------------------+--------------------------+-------+
(*) These 2 clock signal(s) are generated by combinatorial logic,
and XST is not able to identify which are the primary clock signals.
Please use the CLOCK_SIGNAL constraint to specify the clock signal(s) generated by combinatorial logic.
INFO:Xst:2169 - HDL ADVISOR - Some clock signals were not automatically buffered by XST with BUFG/BUFR resources. Please use the buffer_type constraint in order to insert these buffers to the clock signals to help prevent skew problems.

Asynchronous Control Signals Information:
----------------------------------------
-----------------------------------+-----------------------------------------------------------------------------------------------------------------------------------------+-------+
Control Signal                     | Buffer(FF name)                                                                                                                         | Load  |
-----------------------------------+-----------------------------------------------------------------------------------------------------------------------------------------+-------+
U3/N1(U3/XST_GND:G)                | NONE(U3/U0/xst_blk_mem_generator/gnativebmg.native_blk_mem_gen/valid.cstr/ramloop[0].ram.r/v6_init.ram/NO_BMM_INFO.SP.SIMPLE_PRIM36.ram)| 2     |
-----------------------------------+-----------------------------------------------------------------------------------------------------------------------------------------+-------+

Timing Summary:
---------------
Speed Grade: -2

   Minimum period: 5.606ns (Maximum Frequency: 178.392MHz)
   Minimum input arrival time before clock: 5.366ns
   Maximum output required time after clock: 5.915ns
   Maximum combinational path delay: 5.662ns

Timing Details:
---------------
All values displayed in nanoseconds (ns)

=========================================================================
Timing constraint: Default period analysis for Clock 'clk_100mhz'
  Clock period: 5.606ns (frequency: 178.392MHz)
  Total number of paths / destination ports: 18904 / 449
-------------------------------------------------------------------------
Delay:               5.606ns (Levels of Logic = 11)
  Source:            U8/clkdiv_24 (FF)
  Destination:       U6/M2/buffer_52 (FF)
  Source Clock:      clk_100mhz rising
  Destination Clock: clk_100mhz rising

  Data Path: U8/clkdiv_24 to U6/M2/buffer_52
                                Gate     Net
    Cell:in->out      fanout   Delay   Delay  Logical Name (Net Name)
    ----------------------------------------  ------------
     FDC:C->Q             33   0.236   0.733  U8/clkdiv_24 (U8/clkdiv_24)
     begin scope: 'U2:a<0>'
     LUT5:I0->O            1   0.043   0.350  spo<4>_SW0 (N0)
     LUT6:I5->O            4   0.043   0.367  spo<4> (spo<0>)
     end scope: 'U2:spo<0>'
     LUT5:I4->O           16   0.043   0.422  U5/M0/Mmux_o12 (Disp_num<0>)
     INV:I->O              6   0.317   0.641  U6/SM1/M0/MSEG/XLXI_4 (U6/SM1/M0/MSEG/XLXN_24)
     AND4:I0->O            2   0.043   0.527  U6/SM1/M0/MSEG/XLXI_6 (U6/SM1/M0/MSEG/XLXN_26)
     OR4:I2->O             1   0.134   0.603  U6/SM1/M0/MSEG/XLXI_29 (U6/SM1/M0/MSEG/XLXN_211)
     OR2:I1->O             1   0.053   0.350  U6/SM1/M0/MSEG/XLXI_50 (U6/XLXN_6<60>)
     LUT3:I2->O            1   0.043   0.613  U6/MUXSH2M/Mmux_o571 (U6/SEGMENT<60>)
     begin scope: 'U6/M2:P_Data<60>'
     LUT6:I0->O            1   0.043   0.000  buffer_60_rstpot (buffer_60_rstpot)
     FD:D                     -0.000          buffer_60
    ----------------------------------------
    Total                      5.606ns (0.998ns logic, 4.608ns route)
                                       (17.8% logic, 82.2% route)

=========================================================================
Timing constraint: Default period analysis for Clock 'U9/clk1'
  Clock period: 2.152ns (frequency: 464.587MHz)
  Total number of paths / destination ports: 1454 / 90
-------------------------------------------------------------------------
Delay:               2.152ns (Levels of Logic = 7)
  Source:            U9/counter_8 (FF)
  Destination:       U9/Key_x_0 (FF)
  Source Clock:      U9/clk1 rising
  Destination Clock: U9/clk1 rising

  Data Path: U9/counter_8 to U9/Key_x_0
                                Gate     Net
    Cell:in->out      fanout   Delay   Delay  Logical Name (Net Name)
    ----------------------------------------  ------------
     FDRE:C->Q             3   0.236   0.615  counter_8 (counter<8>)
     LUT5:I0->O            1   0.043   0.000  Mcompar_counter[31]_GND_1_o_LessThan_5_o_lut<0> (Mcompar_counter[31]_GND_1_o_LessThan_5_o_lut<0>)
     MUXCY:S->O            1   0.238   0.000  Mcompar_counter[31]_GND_1_o_LessThan_5_o_cy<0> (Mcompar_counter[31]_GND_1_o_LessThan_5_o_cy<0>)
     MUXCY:CI->O           1   0.013   0.000  Mcompar_counter[31]_GND_1_o_LessThan_5_o_cy<1> (Mcompar_counter[31]_GND_1_o_LessThan_5_o_cy<1>)
     MUXCY:CI->O           1   0.013   0.000  Mcompar_counter[31]_GND_1_o_LessThan_5_o_cy<2> (Mcompar_counter[31]_GND_1_o_LessThan_5_o_cy<2>)
     MUXCY:CI->O           1   0.013   0.000  Mcompar_counter[31]_GND_1_o_LessThan_5_o_cy<3> (Mcompar_counter[31]_GND_1_o_LessThan_5_o_cy<3>)
     MUXCY:CI->O           8   0.013   0.378  Mcompar_counter[31]_GND_1_o_LessThan_5_o_cy<4> (Mcompar_counter[31]_GND_1_o_LessThan_5_o_cy<4>)
     INV:I->O              7   0.054   0.373  _n0225_inv1_cepot_INV_0 (_n0225_inv1_cepot)
     FDE:CE                    0.161          Key_x_0
    ----------------------------------------
    Total                      2.152ns (0.786ns logic, 1.366ns route)
                                       (36.5% logic, 63.5% route)

=========================================================================
Timing constraint: Default period analysis for Clock 'U10/push'
  Clock period: 1.069ns (frequency: 935.060MHz)
  Total number of paths / destination ports: 6 / 3
-------------------------------------------------------------------------
Delay:               1.069ns (Levels of Logic = 1)
  Source:            U10/state_0 (FF)
  Destination:       U10/state_0 (FF)
  Source Clock:      U10/push rising
  Destination Clock: U10/push rising

  Data Path: U10/state_0 to U10/state_0
                                Gate     Net
    Cell:in->out      fanout   Delay   Delay  Logical Name (Net Name)
    ----------------------------------------  ------------
     FDE:C->Q             19   0.236   0.440  state_0 (state<0>)
     INV:I->O              1   0.054   0.339  Result<0>1_INV_0 (Result<0>)
     FDE:D                    -0.000          state_0
    ----------------------------------------
    Total                      1.069ns (0.290ns logic, 0.779ns route)
                                       (27.1% logic, 72.9% route)

=========================================================================
Timing constraint: Default OFFSET IN BEFORE for Clock 'U6I/M3/_n0022'
  Total number of paths / destination ports: 8 / 8
-------------------------------------------------------------------------
Offset:              1.498ns (Levels of Logic = 5)
  Source:            SW<3> (PAD)
  Destination:       U6I/M3/Seg_map_0 (LATCH)
  Destination Clock: U6I/M3/_n0022 falling

  Data Path: SW<3> to U6I/M3/Seg_map_0
                                Gate     Net
    Cell:in->out      fanout   Delay   Delay  Logical Name (Net Name)
    ----------------------------------------  ------------
     IBUF:I->O            34   0.000   0.652  SW_3_IBUF (SW_3_IBUF)
     begin scope: 'U2:a<4>'
     LUT5:I1->O            1   0.043   0.350  spo<4>_SW0 (N0)
     LUT6:I5->O            4   0.043   0.367  spo<4> (spo<0>)
     end scope: 'U2:spo<0>'
     LUT5:I4->O           16   0.043   0.000  U5/M0/Mmux_o12 (Disp_num<0>)
     LD:D                     -0.034          U6I/M3/Seg_map_0
    ----------------------------------------
    Total                      1.498ns (0.129ns logic, 1.369ns route)
                                       (8.6% logic, 91.4% route)

=========================================================================
Timing constraint: Default OFFSET IN BEFORE for Clock 'clk_100mhz'
  Total number of paths / destination ports: 1979 / 196
-------------------------------------------------------------------------
Offset:              5.366ns (Levels of Logic = 12)
  Source:            SW<3> (PAD)
  Destination:       U6/M2/buffer_4 (FF)
  Destination Clock: clk_100mhz rising

  Data Path: SW<3> to U6/M2/buffer_4
                                Gate     Net
    Cell:in->out      fanout   Delay   Delay  Logical Name (Net Name)
    ----------------------------------------  ------------
     IBUF:I->O            34   0.000   0.733  SW_3_IBUF (SW_3_IBUF)
     begin scope: 'U2:a<4>'
     LUT5:I0->O            1   0.043   0.350  spo<30>_SW0 (N50)
     LUT6:I5->O            4   0.043   0.367  spo<30> (spo<26>)
     end scope: 'U2:spo<26>'
     LUT5:I4->O           13   0.043   0.407  U5/M0/Mmux_o192 (Disp_num<26>)
     INV:I->O              8   0.317   0.642  U6/SM1/M6/MSEG/XLXI_2 (U6/SM1/M6/MSEG/XLXN_61)
     AND4:I1->O            2   0.053   0.500  U6/SM1/M6/MSEG/XLXI_5 (U6/SM1/M6/MSEG/XLXN_119)
     OR4:I3->O             1   0.161   0.603  U6/SM1/M6/MSEG/XLXI_17 (U6/SM1/M6/MSEG/XLXN_208)
     OR2:I1->O             1   0.053   0.350  U6/SM1/M6/MSEG/XLXI_47 (U6/XLXN_6<15>)
     LUT3:I2->O            1   0.043   0.613  U6/MUXSH2M/Mmux_o71 (U6/SEGMENT<15>)
     begin scope: 'U6/M2:P_Data<15>'
     LUT6:I0->O            1   0.043   0.000  buffer_15_rstpot (buffer_15_rstpot)
     FD:D                     -0.000          buffer_15
    ----------------------------------------
    Total                      5.366ns (0.799ns logic, 4.567ns route)
                                       (14.9% logic, 85.1% route)

=========================================================================
Timing constraint: Default OFFSET IN BEFORE for Clock 'U9/clk1'
  Total number of paths / destination ports: 176 / 41
-------------------------------------------------------------------------
Offset:              2.109ns (Levels of Logic = 6)
  Source:            BTN_y<3> (PAD)
  Destination:       U9/Key_x_1 (FF)
  Destination Clock: U9/clk1 rising

  Data Path: BTN_y<3> to U9/Key_x_1
                                Gate     Net
    Cell:in->out      fanout   Delay   Delay  Logical Name (Net Name)
    ----------------------------------------  ------------
     IBUF:I->O             6   0.000   0.550  BTN_y_3_IBUF (BTN_y_3_IBUF)
     begin scope: 'U9:Key_y<3>'
     LUT4:I0->O           12   0.043   0.674  out1 (n0016)
     LUT6:I0->O            3   0.043   0.362  _n0295<0>1 (_n0295<0>)
     LUT6:I5->O            1   0.043   0.350  Key_x[4]_PWR_1_o_select_74_OUT<1>1 (Key_x[4]_PWR_1_o_select_74_OUT<4>)
     LUT3:I2->O            1   0.043   0.000  Key_x_4_dpot (Key_x_4_dpot)
     FDE:D                    -0.000          Key_x_4
    ----------------------------------------
    Total                      2.109ns (0.172ns logic, 1.937ns route)
                                       (8.2% logic, 91.8% route)

=========================================================================
Timing constraint: Default OFFSET OUT AFTER for Clock 'clk_100mhz'
  Total number of paths / destination ports: 5241 / 20
-------------------------------------------------------------------------
Offset:              5.915ns (Levels of Logic = 11)
  Source:            U8/clkdiv_24 (FF)
  Destination:       SEGMENT<3> (PAD)
  Source Clock:      clk_100mhz rising

  Data Path: U8/clkdiv_24 to SEGMENT<3>
                                Gate     Net
    Cell:in->out      fanout   Delay   Delay  Logical Name (Net Name)
    ----------------------------------------  ------------
     FDC:C->Q             33   0.236   0.733  U8/clkdiv_24 (U8/clkdiv_24)
     begin scope: 'U2:a<0>'
     LUT5:I0->O            1   0.043   0.350  spo<4>_SW0 (N0)
     LUT6:I5->O            4   0.043   0.367  spo<4> (spo<0>)
     end scope: 'U2:spo<4>'
     LUT5:I4->O           16   0.043   0.605  U5/M0/Mmux_o272 (Disp_num<4>)
     LUT6:I2->O           12   0.043   0.400  U6I/M2/Mmux_Hexo11 (U6I/Hex<0>)
     INV:I->O              6   0.317   0.641  U6I/Hex27SEG/XLXI_4 (U6I/Hex27SEG/XLXN_24)
     AND4:I0->O            2   0.043   0.527  U6I/Hex27SEG/XLXI_6 (U6I/Hex27SEG/XLXN_26)
     OR4:I2->O             1   0.134   0.603  U6I/Hex27SEG/XLXI_17 (U6I/Hex27SEG/XLXN_208)
     OR2:I1->O             1   0.053   0.350  U6I/Hex27SEG/XLXI_47 (U6I/SEG_TXT<0>)
     LUT3:I2->O            1   0.043   0.339  U6I/MUXHM/Mmux_o11 (SEGMENT_0_OBUF)
     OBUF:I->O                 0.000          SEGMENT_0_OBUF (SEGMENT<0>)
    ----------------------------------------
    Total                      5.915ns (0.998ns logic, 4.917ns route)
                                       (16.9% logic, 83.1% route)

=========================================================================
Timing constraint: Default OFFSET OUT AFTER for Clock 'U9/clk1'
  Total number of paths / destination ports: 6 / 6
-------------------------------------------------------------------------
Offset:              0.658ns (Levels of Logic = 2)
  Source:            U9/Key_x_4 (FF)
  Destination:       BTN_x<4> (PAD)
  Source Clock:      U9/clk1 rising

  Data Path: U9/Key_x_4 to BTN_x<4>
                                Gate     Net
    Cell:in->out      fanout   Delay   Delay  Logical Name (Net Name)
    ----------------------------------------  ------------
     FDE:C->Q             16   0.236   0.422  Key_x_4 (Key_x<4>)
     end scope: 'U9:Key_x<4>'
     OBUF:I->O                 0.000          BTN_x_4_OBUF (BTN_x<4>)
    ----------------------------------------
    Total                      0.658ns (0.236ns logic, 0.422ns route)
                                       (35.8% logic, 64.2% route)

=========================================================================
Timing constraint: Default OFFSET OUT AFTER for Clock 'U6I/M3/_n0022'
  Total number of paths / destination ports: 8 / 8
-------------------------------------------------------------------------
Offset:              1.117ns (Levels of Logic = 2)
  Source:            U6I/M3/Seg_map_7 (LATCH)
  Destination:       SEGMENT<7> (PAD)
  Source Clock:      U6I/M3/_n0022 falling

  Data Path: U6I/M3/Seg_map_7 to SEGMENT<7>
                                Gate     Net
    Cell:in->out      fanout   Delay   Delay  Logical Name (Net Name)
    ----------------------------------------  ------------
     LD:G->Q               1   0.330   0.405  U6I/M3/Seg_map_7 (U6I/M3/Seg_map_7)
     LUT3:I1->O            1   0.043   0.339  U6I/MUXHM/Mmux_o81 (SEGMENT_7_OBUF)
     OBUF:I->O                 0.000          SEGMENT_7_OBUF (SEGMENT<7>)
    ----------------------------------------
    Total                      1.117ns (0.373ns logic, 0.744ns route)
                                       (33.4% logic, 66.6% route)

=========================================================================
Timing constraint: Default OFFSET OUT AFTER for Clock 'U10/push'
  Total number of paths / destination ports: 84 / 7
-------------------------------------------------------------------------
Offset:              4.086ns (Levels of Logic = 8)
  Source:            U10/state_2 (FF)
  Destination:       SEGMENT<6> (PAD)
  Source Clock:      U10/push rising

  Data Path: U10/state_2 to SEGMENT<6>
                                Gate     Net
    Cell:in->out      fanout   Delay   Delay  Logical Name (Net Name)
    ----------------------------------------  ------------
     FDE:C->Q             17   0.236   0.703  state_2 (state<2>)
     LUT6:I0->O            3   0.043   0.417  Mmux_blink21 (blink<1>)
     end scope: 'U10:blink<1>'
     LUT5:I3->O            1   0.043   0.522  U5/n0018<1>1 (LE_out<1>)
     LUT6:I2->O            1   0.043   0.613  U6I/M2/Mmux_LE11 (U6I/XLXN_4)
     AND2:I0->O            7   0.043   0.647  U6I/XLXI_17 (U6I/XLXN_1)
     OR2:I0->O             1   0.043   0.350  U6I/Hex27SEG/XLXI_47 (U6I/SEG_TXT<0>)
     LUT3:I2->O            1   0.043   0.339  U6I/MUXHM/Mmux_o11 (SEGMENT_0_OBUF)
     OBUF:I->O                 0.000          SEGMENT_0_OBUF (SEGMENT<0>)
    ----------------------------------------
    Total                      4.086ns (0.494ns logic, 3.592ns route)
                                       (12.1% logic, 87.9% route)

=========================================================================
Timing constraint: Default path analysis
  Total number of paths / destination ports: 344 / 7
-------------------------------------------------------------------------
Delay:               5.662ns (Levels of Logic = 12)
  Source:            SW<3> (PAD)
  Destination:       SEGMENT<3> (PAD)

  Data Path: SW<3> to SEGMENT<3>
                                Gate     Net
    Cell:in->out      fanout   Delay   Delay  Logical Name (Net Name)
    ----------------------------------------  ------------
     IBUF:I->O            34   0.000   0.733  SW_3_IBUF (SW_3_IBUF)
     begin scope: 'U2:a<4>'
     LUT5:I0->O            1   0.043   0.350  U0/xst_options.dist_mem_inst/gen_rom.rom_inst/Mram_spo_int1311_SW0 (N10)
     LUT6:I5->O            2   0.043   0.355  U0/xst_options.dist_mem_inst/gen_rom.rom_inst/Mram_spo_int1311 (spo<6>)
     end scope: 'U2:spo<6>'
     LUT5:I4->O           14   0.043   0.594  U5/M0/Mmux_o292 (Disp_num<6>)
     LUT6:I2->O           11   0.043   0.395  U6I/M2/Mmux_Hexo31 (U6I/Hex<2>)
     INV:I->O              8   0.317   0.642  U6I/Hex27SEG/XLXI_2 (U6I/Hex27SEG/XLXN_61)
     AND4:I1->O            2   0.053   0.500  U6I/Hex27SEG/XLXI_5 (U6I/Hex27SEG/XLXN_119)
     OR4:I3->O             1   0.161   0.603  U6I/Hex27SEG/XLXI_17 (U6I/Hex27SEG/XLXN_208)
     OR2:I1->O             1   0.053   0.350  U6I/Hex27SEG/XLXI_47 (U6I/SEG_TXT<0>)
     LUT3:I2->O            1   0.043   0.339  U6I/MUXHM/Mmux_o11 (SEGMENT_0_OBUF)
     OBUF:I->O                 0.000          SEGMENT_0_OBUF (SEGMENT<0>)
    ----------------------------------------
    Total                      5.662ns (0.799ns logic, 4.863ns route)
                                       (14.1% logic, 85.9% route)

=========================================================================

Cross Clock Domains Report:
--------------------------

Clock to Setup on destination clock U10/push
---------------+---------+---------+---------+---------+
               | Src:Rise| Src:Fall| Src:Rise| Src:Fall|
Source Clock   |Dest:Rise|Dest:Rise|Dest:Fall|Dest:Fall|
---------------+---------+---------+---------+---------+
U10/push       |    1.069|         |         |         |
U9/clk1        |    0.818|         |         |         |
clk_100mhz     |    1.344|         |         |         |
---------------+---------+---------+---------+---------+

Clock to Setup on destination clock U6I/M3/_n0022
---------------+---------+---------+---------+---------+
               | Src:Rise| Src:Fall| Src:Rise| Src:Fall|
Source Clock   |Dest:Rise|Dest:Rise|Dest:Fall|Dest:Fall|
---------------+---------+---------+---------+---------+
clk_100mhz     |         |         |    1.815|         |
---------------+---------+---------+---------+---------+

Clock to Setup on destination clock U9/clk1
---------------+---------+---------+---------+---------+
               | Src:Rise| Src:Fall| Src:Rise| Src:Fall|
Source Clock   |Dest:Rise|Dest:Rise|Dest:Fall|Dest:Fall|
---------------+---------+---------+---------+---------+
U9/clk1        |    2.152|         |         |         |
clk_100mhz     |    1.292|         |         |         |
---------------+---------+---------+---------+---------+

Clock to Setup on destination clock clk_100mhz
---------------+---------+---------+---------+---------+
               | Src:Rise| Src:Fall| Src:Rise| Src:Fall|
Source Clock   |Dest:Rise|Dest:Rise|Dest:Fall|Dest:Fall|
---------------+---------+---------+---------+---------+
U10/push       |    3.131|         |         |         |
U9/clk1        |    1.100|         |         |         |
clk_100mhz     |    5.606|    1.289|    2.304|         |
---------------+---------+---------+---------+---------+

=========================================================================


Total REAL time to Xst completion: 16.00 secs
Total CPU time to Xst completion: 16.80 secs
 
--> 

Total memory usage is 4627344 kilobytes

Number of errors   :    0 (   0 filtered)
Number of warnings :  100 (   0 filtered)
Number of infos    :   13 (   0 filtered)

